Linux 6.15.6-arch1-1 (LegionArch) 	10/18/25 	_x86_64_	(16 CPU)

avg-cpu:  %user   %nice %system %iowait  %steal   %idle
           2.48    0.01    0.89    0.10    0.00   96.51

Device             tps    kB_read/s    kB_wrtn/s    kB_dscd/s    kB_read    kB_wrtn    kB_dscd
nvme0n1          33.18       694.11       445.58         0.00   11129743    7144665          0


avg-cpu:  %user   %nice %system %iowait  %steal   %idle
           7.93    0.50    1.83    0.19    0.00   89.55

Device             tps    kB_read/s    kB_wrtn/s    kB_dscd/s    kB_read    kB_wrtn    kB_dscd
nvme0n1         893.00     26640.00     12368.00         0.00      26640      12368          0


avg-cpu:  %user   %nice %system %iowait  %steal   %idle
           7.58    0.00    1.38    0.06    0.00   90.98

Device             tps    kB_read/s    kB_wrtn/s    kB_dscd/s    kB_read    kB_wrtn    kB_dscd
nvme0n1           0.00         0.00         0.00         0.00          0          0          0


avg-cpu:  %user   %nice %system %iowait  %steal   %idle
           7.28    0.13    1.32    0.13    0.00   91.15

Device             tps    kB_read/s    kB_wrtn/s    kB_dscd/s    kB_read    kB_wrtn    kB_dscd
nvme0n1          33.00       300.00       108.00         0.00        300        108          0


avg-cpu:  %user   %nice %system %iowait  %steal   %idle
          11.59    0.25    1.70    0.13    0.00   86.34

Device             tps    kB_read/s    kB_wrtn/s    kB_dscd/s    kB_read    kB_wrtn    kB_dscd
nvme0n1          81.00       588.00       848.00         0.00        588        848          0


avg-cpu:  %user   %nice %system %iowait  %steal   %idle
           7.26    1.51    1.77    0.69    0.00   88.77

Device             tps    kB_read/s    kB_wrtn/s    kB_dscd/s    kB_read    kB_wrtn    kB_dscd
nvme0n1        5240.00     49812.00     54660.00         0.00      49812      54660          0


avg-cpu:  %user   %nice %system %iowait  %steal   %idle
           7.11    0.00    0.63    0.13    0.00   92.14

Device             tps    kB_read/s    kB_wrtn/s    kB_dscd/s    kB_read    kB_wrtn    kB_dscd
nvme0n1           3.00         4.00       172.00         0.00          4        172          0


avg-cpu:  %user   %nice %system %iowait  %steal   %idle
           7.61    0.00    1.32    0.19    0.00   90.89

Device             tps    kB_read/s    kB_wrtn/s    kB_dscd/s    kB_read    kB_wrtn    kB_dscd
nvme0n1           2.00         0.00         8.00         0.00          0          8          0


avg-cpu:  %user   %nice %system %iowait  %steal   %idle
           6.85    0.00    0.63    0.00    0.00   92.52

Device             tps    kB_read/s    kB_wrtn/s    kB_dscd/s    kB_read    kB_wrtn    kB_dscd
nvme0n1           0.00         0.00         0.00         0.00          0          0          0


avg-cpu:  %user   %nice %system %iowait  %steal   %idle
           7.10    0.00    0.63    0.25    0.00   92.02

Device             tps    kB_read/s    kB_wrtn/s    kB_dscd/s    kB_read    kB_wrtn    kB_dscd
nvme0n1           3.00         0.00        84.00         0.00          0         84          0


avg-cpu:  %user   %nice %system %iowait  %steal   %idle
           7.16    0.00    0.57    0.00    0.00   92.27

Device             tps    kB_read/s    kB_wrtn/s    kB_dscd/s    kB_read    kB_wrtn    kB_dscd
nvme0n1           0.00         0.00         0.00         0.00          0          0          0

