Linux 6.15.6-arch1-1 (LegionArch) 	10/19/25 	_x86_64_	(16 CPU)

avg-cpu:  %user   %nice %system %iowait  %steal   %idle
           2.31    0.01    0.87    0.09    0.00   96.72

Device             tps    kB_read/s    kB_wrtn/s    kB_dscd/s    kB_read    kB_wrtn    kB_dscd
nvme0n1          53.10       549.51       480.85         0.00   56575124   49506585          0


avg-cpu:  %user   %nice %system %iowait  %steal   %idle
           8.18    0.50    2.14    1.57    0.00   87.61

Device             tps    kB_read/s    kB_wrtn/s    kB_dscd/s    kB_read    kB_wrtn    kB_dscd
nvme0n1        2316.00     31020.00     12808.00         0.00      31020      12808          0


avg-cpu:  %user   %nice %system %iowait  %steal   %idle
           7.21    0.00    1.00    0.44    0.00   91.34

Device             tps    kB_read/s    kB_wrtn/s    kB_dscd/s    kB_read    kB_wrtn    kB_dscd
nvme0n1         454.00     13804.00       620.00         0.00      13804        620          0


avg-cpu:  %user   %nice %system %iowait  %steal   %idle
           7.16    0.06    0.69    0.13    0.00   91.96

Device             tps    kB_read/s    kB_wrtn/s    kB_dscd/s    kB_read    kB_wrtn    kB_dscd
nvme0n1           6.00        24.00         0.00         0.00         24          0          0


avg-cpu:  %user   %nice %system %iowait  %steal   %idle
           6.42    3.46    8.68    0.94    0.00   80.49

Device             tps    kB_read/s    kB_wrtn/s    kB_dscd/s    kB_read    kB_wrtn    kB_dscd
nvme0n1        1086.00     58220.00       472.00         0.00      58220        472          0


avg-cpu:  %user   %nice %system %iowait  %steal   %idle
           4.44    2.92   13.18    2.72    0.00   76.74

Device             tps    kB_read/s    kB_wrtn/s    kB_dscd/s    kB_read    kB_wrtn    kB_dscd
nvme0n1        5805.00    238540.00         0.00         0.00     238540          0          0


avg-cpu:  %user   %nice %system %iowait  %steal   %idle
           3.61    3.61   13.81    1.39    0.00   77.57

Device             tps    kB_read/s    kB_wrtn/s    kB_dscd/s    kB_read    kB_wrtn    kB_dscd
nvme0n1       21699.00    129268.00    184164.00         0.00     129268     184164          0

