Linux 6.15.6-arch1-1 (LegionArch) 	10/19/25 	_x86_64_	(16 CPU)

avg-cpu:  %user   %nice %system %iowait  %steal   %idle
           2.14    0.01    0.81    0.09    0.00   96.96

Device             tps    kB_read/s    kB_wrtn/s    kB_dscd/s    kB_read    kB_wrtn    kB_dscd
nvme0n1          36.13       356.17       381.44         0.00   31876803   34138281          0


avg-cpu:  %user   %nice %system %iowait  %steal   %idle
           7.77    0.50    1.57    0.19    0.00   89.97

Device             tps    kB_read/s    kB_wrtn/s    kB_dscd/s    kB_read    kB_wrtn    kB_dscd
nvme0n1         650.00       248.00     12364.00         0.00        248      12364          0


avg-cpu:  %user   %nice %system %iowait  %steal   %idle
          13.12    0.00    0.56    0.13    0.00   86.19

Device             tps    kB_read/s    kB_wrtn/s    kB_dscd/s    kB_read    kB_wrtn    kB_dscd
nvme0n1           0.00         0.00         0.00         0.00          0          0          0


avg-cpu:  %user   %nice %system %iowait  %steal   %idle
          14.08    0.06    1.45    0.19    0.00   84.22

Device             tps    kB_read/s    kB_wrtn/s    kB_dscd/s    kB_read    kB_wrtn    kB_dscd
nvme0n1           4.00         4.00        52.00         0.00          4         52          0


avg-cpu:  %user   %nice %system %iowait  %steal   %idle
          12.85    1.51    2.90    0.38    0.00   82.36

Device             tps    kB_read/s    kB_wrtn/s    kB_dscd/s    kB_read    kB_wrtn    kB_dscd
nvme0n1        7154.00      9748.00     66096.00         0.00       9748      66096          0

